src/components/features/AdminClients.tsx(531,39): error TS2559: Type '{ dateFrom: string; dateTo: string; hasEmail: string; hasWhatsapp: string; }' has no properties in common with type 'Omit<{ search?: string; is_active?: boolean; city?: string; state?: string; date_from?: string; date_to?: string; has_whatsapp?: boolean; has_email?: boolean; }, "search">'.
src/components/features/AdminSupplierCategories.tsx(44,5): error TS2339: Property 'categoriesWithCounts' does not exist on type '{ categories: SupplierCategory[]; loading: boolean; error: string; fetchCategories: () => Promise<void>; fetchCategoryById: (id: string) => Promise<SupplierCategory>; ... 4 more ...; fetchSuppliersByCategory: (categoryId: string) => Promise<...>; }'.
src/components/features/AdminSupplierCategories.tsx(47,5): error TS2339: Property 'fetchCategoriesWithCounts' does not exist on type '{ categories: SupplierCategory[]; loading: boolean; error: string; fetchCategories: () => Promise<void>; fetchCategoryById: (id: string) => Promise<SupplierCategory>; ... 4 more ...; fetchSuppliersByCategory: (categoryId: string) => Promise<...>; }'.
src/components/features/AdminSupplierCategories.tsx(66,5): error TS2322: Type 'Resolver<{ name: string; color: string; description?: string; is_active?: boolean; }, any, { name: string; color: string; is_active: boolean; description?: string; }>' is not assignable to type 'Resolver<{ name: string; color: string; is_active: boolean; description?: string; }, any, { name: string; color: string; is_active: boolean; description?: string; }>'.
  Types of parameters 'options' and 'options' are incompatible.
    Type 'ResolverOptions<{ name: string; color: string; is_active: boolean; description?: string; }>' is not assignable to type 'ResolverOptions<{ name: string; color: string; description?: string; is_active?: boolean; }>'.
      Type '{ name: string; color: string; description?: string; is_active?: boolean; }' is not assignable to type '{ name: string; color: string; is_active: boolean; description?: string; }'.
        Property 'is_active' is optional in type '{ name: string; color: string; description?: string; is_active?: boolean; }' but required in type '{ name: string; color: string; is_active: boolean; description?: string; }'.
src/components/features/AdminSupplierCategories.tsx(105,29): error TS2551: Property 'is_active' does not exist on type 'SupplierCategory'. Did you mean 'active'?
src/components/features/AdminSupplierCategories.tsx(131,9): error TS2561: Object literal may only specify known properties, but 'is_active' does not exist in type 'CategoryFormData'. Did you mean to write 'active'?
src/components/features/AdminSupplierCategories.tsx(358,42): error TS2345: Argument of type '(data: CategoryFormValues) => Promise<void>' is not assignable to parameter of type 'SubmitHandler<TFieldValues>'.
  Types of parameters 'data' and 'data' are incompatible.
    Type 'TFieldValues' is not assignable to type '{ name: string; color: string; is_active: boolean; description?: string; }'.
      Type 'FieldValues' is missing the following properties from type '{ name: string; color: string; is_active: boolean; description?: string; }': name, color, is_active
src/components/features/AdminSupplierDocuments.tsx(218,11): error TS2353: Object literal may only specify known properties, and 'type' does not exist in type 'Partial<DocumentUpload>'.
src/components/features/AdminSupplierRegistration.tsx(199,60): error TS2322: Type 'string | FieldError | Merge<FieldError, FieldErrorsImpl<any>>' is not assignable to type 'ReactNode'.
  Type 'FieldError' is not assignable to type 'ReactNode'.
    Type 'FieldError' is missing the following properties from type 'ReactPortal': children, props, key
src/components/features/AdminSupplierRegistration.tsx(260,60): error TS2322: Type 'string | FieldError | Merge<FieldError, FieldErrorsImpl<any>>' is not assignable to type 'ReactNode'.
  Type 'FieldError' is not assignable to type 'ReactNode'.
    Type 'FieldError' is missing the following properties from type 'ReactPortal': children, props, key
src/components/features/AdminSupplierRegistration.tsx(289,60): error TS2322: Type 'string | FieldError | Merge<FieldError, FieldErrorsImpl<any>>' is not assignable to type 'ReactNode'.
  Type 'FieldError' is not assignable to type 'ReactNode'.
    Type 'FieldError' is missing the following properties from type 'ReactPortal': children, props, key
src/components/features/AdminSupplierRegistration.tsx(311,60): error TS2322: Type 'string | FieldError | Merge<FieldError, FieldErrorsImpl<any>>' is not assignable to type 'ReactNode'.
  Type 'FieldError' is not assignable to type 'ReactNode'.
    Type 'FieldError' is missing the following properties from type 'ReactPortal': children, props, key
src/components/features/AdminSupplierRegistration.tsx(334,58): error TS2322: Type 'string | FieldError | Merge<FieldError, FieldErrorsImpl<any>>' is not assignable to type 'ReactNode'.
  Type 'FieldError' is not assignable to type 'ReactNode'.
    Type 'FieldError' is missing the following properties from type 'ReactPortal': children, props, key
src/components/features/AdminSupplierRegistration.tsx(369,60): error TS2322: Type 'string | FieldError | Merge<FieldError, FieldErrorsImpl<any>>' is not assignable to type 'ReactNode'.
  Type 'FieldError' is not assignable to type 'ReactNode'.
    Type 'FieldError' is missing the following properties from type 'ReactPortal': children, props, key
src/components/features/AdminSupplierRegistration.tsx(391,60): error TS2322: Type 'string | FieldError | Merge<FieldError, FieldErrorsImpl<any>>' is not assignable to type 'ReactNode'.
  Type 'FieldError' is not assignable to type 'ReactNode'.
    Type 'FieldError' is missing the following properties from type 'ReactPortal': children, props, key
src/components/features/AdminSupplierRegistration.tsx(415,60): error TS2322: Type 'string | FieldError | Merge<FieldError, FieldErrorsImpl<any>>' is not assignable to type 'ReactNode'.
  Type 'FieldError' is not assignable to type 'ReactNode'.
    Type 'FieldError' is missing the following properties from type 'ReactPortal': children, props, key
src/components/features/AdminSupplierRegistration.tsx(437,60): error TS2322: Type 'string | FieldError | Merge<FieldError, FieldErrorsImpl<any>>' is not assignable to type 'ReactNode'.
  Type 'FieldError' is not assignable to type 'ReactNode'.
    Type 'FieldError' is missing the following properties from type 'ReactPortal': children, props, key
